2026-06-11 23:35:03.290 +05:30 [ERR] Failed executing DbCommand (8ms) [Parameters=[], CommandType='"Text"', CommandTimeout='30']
SELECT "MigrationId", "ProductVersion"
FROM "__EFMigrationsHistory"
ORDER BY "MigrationId";
2026-06-11 23:36:05.495 +05:30 [WRN] No XML encryptor configured. Key {70485eb0-cde1-4434-bc57-274ecd638a04} may be persisted to storage in unencrypted form.
2026-06-11 23:36:05.540 +05:30 [INF] AI extraction worker is consuming queue ai_extraction_queue
2026-06-11 23:36:37.672 +05:30 [INF] HTTP GET /api/v1/health responded 200 in 22.4414 ms
2026-06-11 23:37:03.374 +05:30 [INF] Executed DbCommand (18ms) [Parameters=[@email='?'], CommandType='"Text"', CommandTimeout='30']
SELECT EXISTS (
    SELECT 1
    FROM "Users" AS u
    WHERE u."Email" = @email)
2026-06-11 23:37:03.664 +05:30 [INF] Executed DbCommand (6ms) [Parameters=[@p0='?' (DbType = Guid), @p1='?' (DbType = DateTime), @p2='?', @p3='?' (DbType = DateTime), @p4='?' (DbType = DateTime), @p5='?', @p6='?', @p7='?' (DbType = DateTime), @p8='?', @p9='?' (DbType = Guid), @p10='?' (DbType = DateTime), @p11='?' (DbType = DateTime), @p12='?' (DbType = DateTime), @p13='?', @p14='?' (DbType = Guid), @p15='?' (DbType = Guid), @p16='?', @p17='?' (DbType = DateTime), @p18='?', @p19='?' (DbType = Guid)], CommandType='"Text"', CommandTimeout='30']
INSERT INTO "Users" ("Id", "CreatedAt", "Email", "LastActiveAt", "LastModifiedAt", "PasswordHash", "PushToken", "RefreshTokenExpiresAt", "RefreshTokenHash")
VALUES (@p0, @p1, @p2, @p3, @p4, @p5, @p6, @p7, @p8);
INSERT INTO "Subscriptions" ("Id", "CreatedAt", "EndDate", "StartDate", "Tier", "UserId")
VALUES (@p9, @p10, @p11, @p12, @p13, @p14)
RETURNING "IsActive";
INSERT INTO "UserIdentities" ("Id", "AuthProvider", "CreatedAt", "ProviderId", "UserId")
VALUES (@p15, @p16, @p17, @p18, @p19);
2026-06-11 23:37:03.685 +05:30 [INF] HTTP POST /api/v1/auth/register responded 200 in 741.4804 ms
2026-06-11 23:37:17.955 +05:30 [INF] Executed DbCommand (3ms) [Parameters=[@email='?'], CommandType='"Text"', CommandTimeout='30']
SELECT s0."Id", s0."CreatedAt", s0."Email", s0."LastActiveAt", s0."LastModifiedAt", s0."PasswordHash", s0."PushToken", s0."RefreshTokenExpiresAt", s0."RefreshTokenHash", s0."Id0", u0."Id", u0."AuthProvider", u0."CreatedAt", u0."ProviderId", u0."UserId", s0."CreatedAt0", s0."EndDate", s0."IsActive", s0."StartDate", s0."Tier", s0."UserId"
FROM (
    SELECT u."Id", u."CreatedAt", u."Email", u."LastActiveAt", u."LastModifiedAt", u."PasswordHash", u."PushToken", u."RefreshTokenExpiresAt", u."RefreshTokenHash", s."Id" AS "Id0", s."CreatedAt" AS "CreatedAt0", s."EndDate", s."IsActive", s."StartDate", s."Tier", s."UserId"
    FROM "Users" AS u
    LEFT JOIN "Subscriptions" AS s ON u."Id" = s."UserId"
    WHERE u."Email" = @email
    LIMIT 1
) AS s0
LEFT JOIN "UserIdentities" AS u0 ON s0."Id" = u0."UserId"
ORDER BY s0."Id", s0."Id0"
2026-06-11 23:37:18.172 +05:30 [INF] Executed DbCommand (3ms) [Parameters=[@p8='?' (DbType = Guid), @p0='?' (DbType = DateTime), @p1='?', @p2='?' (DbType = DateTime), @p3='?' (DbType = DateTime), @p4='?', @p5='?', @p6='?' (DbType = DateTime), @p7='?'], CommandType='"Text"', CommandTimeout='30']
UPDATE "Users" SET "CreatedAt" = @p0, "Email" = @p1, "LastActiveAt" = @p2, "LastModifiedAt" = @p3, "PasswordHash" = @p4, "PushToken" = @p5, "RefreshTokenExpiresAt" = @p6, "RefreshTokenHash" = @p7
WHERE "Id" = @p8;
2026-06-11 23:37:18.173 +05:30 [INF] HTTP POST /api/v1/auth/login responded 200 in 300.2096 ms
2026-06-11 23:37:44.015 +05:30 [INF] Executed DbCommand (1ms) [Parameters=[@email='?'], CommandType='"Text"', CommandTimeout='30']
SELECT s0."Id", s0."CreatedAt", s0."Email", s0."LastActiveAt", s0."LastModifiedAt", s0."PasswordHash", s0."PushToken", s0."RefreshTokenExpiresAt", s0."RefreshTokenHash", s0."Id0", u0."Id", u0."AuthProvider", u0."CreatedAt", u0."ProviderId", u0."UserId", s0."CreatedAt0", s0."EndDate", s0."IsActive", s0."StartDate", s0."Tier", s0."UserId"
FROM (
    SELECT u."Id", u."CreatedAt", u."Email", u."LastActiveAt", u."LastModifiedAt", u."PasswordHash", u."PushToken", u."RefreshTokenExpiresAt", u."RefreshTokenHash", s."Id" AS "Id0", s."CreatedAt" AS "CreatedAt0", s."EndDate", s."IsActive", s."StartDate", s."Tier", s."UserId"
    FROM "Users" AS u
    LEFT JOIN "Subscriptions" AS s ON u."Id" = s."UserId"
    WHERE u."Email" = @email
    LIMIT 1
) AS s0
LEFT JOIN "UserIdentities" AS u0 ON s0."Id" = u0."UserId"
ORDER BY s0."Id", s0."Id0"
2026-06-11 23:37:44.130 +05:30 [INF] Executed DbCommand (1ms) [Parameters=[@p8='?' (DbType = Guid), @p0='?' (DbType = DateTime), @p1='?', @p2='?' (DbType = DateTime), @p3='?' (DbType = DateTime), @p4='?', @p5='?', @p6='?' (DbType = DateTime), @p7='?'], CommandType='"Text"', CommandTimeout='30']
UPDATE "Users" SET "CreatedAt" = @p0, "Email" = @p1, "LastActiveAt" = @p2, "LastModifiedAt" = @p3, "PasswordHash" = @p4, "PushToken" = @p5, "RefreshTokenExpiresAt" = @p6, "RefreshTokenHash" = @p7
WHERE "Id" = @p8;
2026-06-11 23:37:44.131 +05:30 [INF] HTTP POST /api/v1/auth/login responded 200 in 125.8459 ms
2026-06-11 23:37:44.199 +05:30 [INF] Executed DbCommand (2ms) [Parameters=[@userId='?' (DbType = Guid), @originalUrl='?'], CommandType='"Text"', CommandTimeout='30']
SELECT EXISTS (
    SELECT 1
    FROM "ContentItems" AS c
    WHERE c."UserId" = @userId AND c."OriginalUrl" = @originalUrl)
2026-06-11 23:37:44.217 +05:30 [INF] Executed DbCommand (3ms) [Parameters=[@p0='?' (DbType = Guid), @p1='?' (DbType = Int32), @p2='?' (DbType = DateTime), @p3='?', @p4='?', @p5='?' (DbType = DateTime), @p6='?', @p7='?', @p8='?', @p9='?', @p10='?' (DbType = Guid)], CommandType='"Text"', CommandTimeout='30']
INSERT INTO "ContentItems" ("Id", "ConsumeTimeMins", "CreatedAt", "EnergyLevel", "HeroImageUrl", "LastReviewedAt", "OriginalUrl", "PlatformType", "Status", "Title", "UserId")
VALUES (@p0, @p1, @p2, @p3, @p4, @p5, @p6, @p7, @p8, @p9, @p10)
RETURNING "IsArchived", "IsPinned";
2026-06-11 23:37:44.232 +05:30 [INF] Published message to queue: ai_extraction_queue
2026-06-11 23:37:44.244 +05:30 [INF] Executed DbCommand (1ms) [Parameters=[@id='?' (DbType = Guid)], CommandType='"Text"', CommandTimeout='30']
SELECT c."Id", c."ConsumeTimeMins", c."CreatedAt", c."EnergyLevel", c."HeroImageUrl", c."IsArchived", c."IsPinned", c."LastReviewedAt", c."OriginalUrl", c."PlatformType", c."Status", c."Title", c."UserId"
FROM "ContentItems" AS c
WHERE c."Id" = @id
LIMIT 1
2026-06-11 23:37:44.249 +05:30 [INF] Processing Web URL: https://example.com
2026-06-11 23:37:44.250 +05:30 [INF] Start processing HTTP request GET https://example.com/
2026-06-11 23:37:44.250 +05:30 [INF] Sending HTTP request GET https://example.com/
2026-06-11 23:37:44.251 +05:30 [INF] HTTP POST /api/v1/content responded 201 in 110.9560 ms
2026-06-11 23:37:44.470 +05:30 [INF] Received HTTP response headers after 218.7775ms - 200
2026-06-11 23:37:44.471 +05:30 [INF] End processing HTTP request after 221.5668ms - 200
2026-06-11 23:37:44.490 +05:30 [INF] Executed DbCommand (4ms) [Parameters=[@contentItemId='?' (DbType = Guid)], CommandType='"Text"', CommandTimeout='30']
SELECT c."ContentItemId", c."QuickSparkSummary", c."RawText", c."SemanticEmbedding"
FROM "ContentPayloads" AS c
WHERE c."ContentItemId" = @contentItemId
LIMIT 1
2026-06-11 23:37:44.500 +05:30 [INF] Executed DbCommand (2ms) [Parameters=[@contentItemId='?' (DbType = Guid)], CommandType='"Text"', CommandTimeout='30']
SELECT a."Id", a."ContentItemId", a."CreatedAt", a."Description", a."IsCompleted", a."ItemType", a."SequenceOrder"
FROM "ActionItems" AS a
WHERE a."ContentItemId" = @contentItemId
ORDER BY a."SequenceOrder"
2026-06-11 23:37:44.512 +05:30 [INF] Executed DbCommand (3ms) [Parameters=[@contentItemId='?' (DbType = Guid)], CommandType='"Text"', CommandTimeout='30']
SELECT t."Id", t."CreatedAt", t."IsAIGenerated", t."Name"
FROM "ContentItemTags" AS c
INNER JOIN "Tags" AS t ON c."TagId" = t."Id"
WHERE c."ContentItemId" = @contentItemId
2026-06-11 23:37:44.515 +05:30 [INF] Executed DbCommand (1ms) [Parameters=[@ToLowerInvariant='?'], CommandType='"Text"', CommandTimeout='30']
SELECT t."Id", t."CreatedAt", t."IsAIGenerated", t."Name"
FROM "Tags" AS t
WHERE t."Name" = @ToLowerInvariant
LIMIT 1
2026-06-11 23:37:44.560 +05:30 [INF] Executed DbCommand (5ms) [Parameters=[@p0='?' (DbType = Guid), @p1='?' (DbType = Guid), @p2='?' (DbType = DateTime), @p3='?', @p4='?', @p5='?' (DbType = Int32), @p6='?' (DbType = Guid), @p7='?' (DbType = Guid), @p8='?' (DbType = DateTime), @p9='?', @p10='?', @p11='?' (DbType = Int32), @p15='?' (DbType = Guid), @p12='?' (DbType = Int32), @p13='?', @p14='?', @p16='?' (DbType = Guid), @p17='?', @p18='?', @p19='?' (DbType = Object), @p20='?' (DbType = Guid), @p21='?' (DbType = DateTime), @p22='?' (DbType = Boolean), @p23='?'], CommandType='"Text"', CommandTimeout='30']
INSERT INTO "ActionItems" ("Id", "ContentItemId", "CreatedAt", "Description", "ItemType", "SequenceOrder")
VALUES (@p0, @p1, @p2, @p3, @p4, @p5)
RETURNING "IsCompleted";
INSERT INTO "ActionItems" ("Id", "ContentItemId", "CreatedAt", "Description", "ItemType", "SequenceOrder")
VALUES (@p6, @p7, @p8, @p9, @p10, @p11)
RETURNING "IsCompleted";
UPDATE "ContentItems" SET "ConsumeTimeMins" = @p12, "HeroImageUrl" = @p13, "Title" = @p14
WHERE "Id" = @p15;
INSERT INTO "ContentPayloads" ("ContentItemId", "QuickSparkSummary", "RawText", "SemanticEmbedding")
VALUES (@p16, @p17, @p18, @p19);
INSERT INTO "Tags" ("Id", "CreatedAt", "IsAIGenerated", "Name")
VALUES (@p20, @p21, @p22, @p23);
2026-06-11 23:37:44.568 +05:30 [INF] Executed DbCommand (1ms) [Parameters=[@ToLowerInvariant='?'], CommandType='"Text"', CommandTimeout='30']
SELECT t."Id", t."CreatedAt", t."IsAIGenerated", t."Name"
FROM "Tags" AS t
WHERE t."Name" = @ToLowerInvariant
LIMIT 1
2026-06-11 23:37:44.572 +05:30 [INF] Executed DbCommand (2ms) [Parameters=[@p0='?' (DbType = Guid), @p1='?' (DbType = Guid), @p2='?' (DbType = Guid), @p3='?' (DbType = DateTime), @p4='?' (DbType = Boolean), @p5='?'], CommandType='"Text"', CommandTimeout='30']
INSERT INTO "ContentItemTags" ("ContentItemId", "TagId")
VALUES (@p0, @p1);
INSERT INTO "Tags" ("Id", "CreatedAt", "IsAIGenerated", "Name")
VALUES (@p2, @p3, @p4, @p5);
2026-06-11 23:37:44.576 +05:30 [INF] Executed DbCommand (1ms) [Parameters=[@p0='?' (DbType = Guid), @p1='?' (DbType = Guid), @p14='?' (DbType = Guid), @p2='?' (DbType = Int32), @p3='?' (DbType = DateTime), @p4='?', @p5='?', @p6='?' (DbType = Boolean), @p7='?' (DbType = Boolean), @p8='?' (DbType = DateTime), @p9='?', @p10='?', @p11='?', @p12='?', @p13='?' (DbType = Guid)], CommandType='"Text"', CommandTimeout='30']
INSERT INTO "ContentItemTags" ("ContentItemId", "TagId")
VALUES (@p0, @p1);
UPDATE "ContentItems" SET "ConsumeTimeMins" = @p2, "CreatedAt" = @p3, "EnergyLevel" = @p4, "HeroImageUrl" = @p5, "IsArchived" = @p6, "IsPinned" = @p7, "LastReviewedAt" = @p8, "OriginalUrl" = @p9, "PlatformType" = @p10, "Status" = @p11, "Title" = @p12, "UserId" = @p13
WHERE "Id" = @p14;
2026-06-11 23:37:44.577 +05:30 [INF] Successfully processed content item "91f1990f-b3d3-4f35-a876-b8894f9582be"
2026-06-11 23:38:34.025 +05:30 [INF] Executed DbCommand (2ms) [Parameters=[@email='?'], CommandType='"Text"', CommandTimeout='30']
SELECT s0."Id", s0."CreatedAt", s0."Email", s0."LastActiveAt", s0."LastModifiedAt", s0."PasswordHash", s0."PushToken", s0."RefreshTokenExpiresAt", s0."RefreshTokenHash", s0."Id0", u0."Id", u0."AuthProvider", u0."CreatedAt", u0."ProviderId", u0."UserId", s0."CreatedAt0", s0."EndDate", s0."IsActive", s0."StartDate", s0."Tier", s0."UserId"
FROM (
    SELECT u."Id", u."CreatedAt", u."Email", u."LastActiveAt", u."LastModifiedAt", u."PasswordHash", u."PushToken", u."RefreshTokenExpiresAt", u."RefreshTokenHash", s."Id" AS "Id0", s."CreatedAt" AS "CreatedAt0", s."EndDate", s."IsActive", s."StartDate", s."Tier", s."UserId"
    FROM "Users" AS u
    LEFT JOIN "Subscriptions" AS s ON u."Id" = s."UserId"
    WHERE u."Email" = @email
    LIMIT 1
) AS s0
LEFT JOIN "UserIdentities" AS u0 ON s0."Id" = u0."UserId"
ORDER BY s0."Id", s0."Id0"
2026-06-11 23:38:34.154 +05:30 [INF] Executed DbCommand (4ms) [Parameters=[@p8='?' (DbType = Guid), @p0='?' (DbType = DateTime), @p1='?', @p2='?' (DbType = DateTime), @p3='?' (DbType = DateTime), @p4='?', @p5='?', @p6='?' (DbType = DateTime), @p7='?'], CommandType='"Text"', CommandTimeout='30']
UPDATE "Users" SET "CreatedAt" = @p0, "Email" = @p1, "LastActiveAt" = @p2, "LastModifiedAt" = @p3, "PasswordHash" = @p4, "PushToken" = @p5, "RefreshTokenExpiresAt" = @p6, "RefreshTokenHash" = @p7
WHERE "Id" = @p8;
2026-06-11 23:38:34.154 +05:30 [INF] HTTP POST /api/v1/auth/login responded 200 in 133.1103 ms
2026-06-11 23:38:34.177 +05:30 [WRN] Compiling a query which loads related collections for more than one collection navigation, either via 'Include' or through projection, but no 'QuerySplittingBehavior' has been configured. By default, Entity Framework will use 'QuerySplittingBehavior.SingleQuery', which can potentially result in slow query performance. See https://go.microsoft.com/fwlink/?linkid=2134277 for more information. To identify the query that's triggering this warning call 'ConfigureWarnings(w => w.Throw(RelationalEventId.MultipleCollectionIncludeWarning))'.
2026-06-11 23:38:34.187 +05:30 [INF] Executed DbCommand (3ms) [Parameters=[@id='?' (DbType = Guid)], CommandType='"Text"', CommandTimeout='30']
SELECT s."Id", s."ConsumeTimeMins", s."CreatedAt", s."EnergyLevel", s."HeroImageUrl", s."IsArchived", s."IsPinned", s."LastReviewedAt", s."OriginalUrl", s."PlatformType", s."Status", s."Title", s."UserId", s."ContentItemId", s."QuickSparkSummary", s."RawText", s."SemanticEmbedding", a."Id", a."ContentItemId", a."CreatedAt", a."Description", a."IsCompleted", a."ItemType", a."SequenceOrder", s0."ContentItemId", s0."TagId", s0."Id", s0."CreatedAt", s0."IsAIGenerated", s0."Name"
FROM (
    SELECT c."Id", c."ConsumeTimeMins", c."CreatedAt", c."EnergyLevel", c."HeroImageUrl", c."IsArchived", c."IsPinned", c."LastReviewedAt", c."OriginalUrl", c."PlatformType", c."Status", c."Title", c."UserId", c0."ContentItemId", c0."QuickSparkSummary", c0."RawText", c0."SemanticEmbedding"
    FROM "ContentItems" AS c
    LEFT JOIN "ContentPayloads" AS c0 ON c."Id" = c0."ContentItemId"
    WHERE c."Id" = @id
    LIMIT 1
) AS s
LEFT JOIN "ActionItems" AS a ON s."Id" = a."ContentItemId"
LEFT JOIN (
    SELECT c1."ContentItemId", c1."TagId", t."Id", t."CreatedAt", t."IsAIGenerated", t."Name"
    FROM "ContentItemTags" AS c1
    INNER JOIN "Tags" AS t ON c1."TagId" = t."Id"
) AS s0 ON s."Id" = s0."ContentItemId"
ORDER BY s."Id", s."ContentItemId", a."SequenceOrder", a."Id", s0."ContentItemId", s0."TagId"
2026-06-11 23:38:34.200 +05:30 [INF] HTTP GET /api/v1/content/91f1990f-b3d3-4f35-a876-b8894f9582be responded 200 in 34.9895 ms
2026-06-11 23:39:03.924 +05:30 [INF] Executed DbCommand (2ms) [Parameters=[@email='?'], CommandType='"Text"', CommandTimeout='30']
SELECT s0."Id", s0."CreatedAt", s0."Email", s0."LastActiveAt", s0."LastModifiedAt", s0."PasswordHash", s0."PushToken", s0."RefreshTokenExpiresAt", s0."RefreshTokenHash", s0."Id0", u0."Id", u0."AuthProvider", u0."CreatedAt", u0."ProviderId", u0."UserId", s0."CreatedAt0", s0."EndDate", s0."IsActive", s0."StartDate", s0."Tier", s0."UserId"
FROM (
    SELECT u."Id", u."CreatedAt", u."Email", u."LastActiveAt", u."LastModifiedAt", u."PasswordHash", u."PushToken", u."RefreshTokenExpiresAt", u."RefreshTokenHash", s."Id" AS "Id0", s."CreatedAt" AS "CreatedAt0", s."EndDate", s."IsActive", s."StartDate", s."Tier", s."UserId"
    FROM "Users" AS u
    LEFT JOIN "Subscriptions" AS s ON u."Id" = s."UserId"
    WHERE u."Email" = @email
    LIMIT 1
) AS s0
LEFT JOIN "UserIdentities" AS u0 ON s0."Id" = u0."UserId"
ORDER BY s0."Id", s0."Id0"
2026-06-11 23:39:04.043 +05:30 [INF] Executed DbCommand (2ms) [Parameters=[@p8='?' (DbType = Guid), @p0='?' (DbType = DateTime), @p1='?', @p2='?' (DbType = DateTime), @p3='?' (DbType = DateTime), @p4='?', @p5='?', @p6='?' (DbType = DateTime), @p7='?'], CommandType='"Text"', CommandTimeout='30']
UPDATE "Users" SET "CreatedAt" = @p0, "Email" = @p1, "LastActiveAt" = @p2, "LastModifiedAt" = @p3, "PasswordHash" = @p4, "PushToken" = @p5, "RefreshTokenExpiresAt" = @p6, "RefreshTokenHash" = @p7
WHERE "Id" = @p8;
2026-06-11 23:39:04.043 +05:30 [INF] HTTP POST /api/v1/auth/login responded 200 in 121.3498 ms
2026-06-11 23:39:04.077 +05:30 [INF] Executed DbCommand (2ms) [Parameters=[@userId='?' (DbType = Guid)], CommandType='"Text"', CommandTimeout='30']
SELECT count(*)::int
FROM "ContentItems" AS c
WHERE c."UserId" = @userId AND NOT (c."IsArchived") AND c."Status" = 'Ready'
2026-06-11 23:39:04.086 +05:30 [INF] Executed DbCommand (2ms) [Parameters=[@userId='?' (DbType = Guid), @p2='?' (DbType = Int32), @p='?' (DbType = Int32)], CommandType='"Text"', CommandTimeout='30']
SELECT c1."Id", c1."ConsumeTimeMins", c1."CreatedAt", c1."EnergyLevel", c1."HeroImageUrl", c1."IsArchived", c1."IsPinned", c1."LastReviewedAt", c1."OriginalUrl", c1."PlatformType", c1."Status", c1."Title", c1."UserId", s."ContentItemId", s."TagId", s."Id", s."CreatedAt", s."IsAIGenerated", s."Name"
FROM (
    SELECT c."Id", c."ConsumeTimeMins", c."CreatedAt", c."EnergyLevel", c."HeroImageUrl", c."IsArchived", c."IsPinned", c."LastReviewedAt", c."OriginalUrl", c."PlatformType", c."Status", c."Title", c."UserId"
    FROM "ContentItems" AS c
    WHERE c."UserId" = @userId AND NOT (c."IsArchived") AND c."Status" = 'Ready'
    ORDER BY c."IsPinned" DESC, c."CreatedAt" DESC
    LIMIT @p2 OFFSET @p
) AS c1
LEFT JOIN (
    SELECT c0."ContentItemId", c0."TagId", t."Id", t."CreatedAt", t."IsAIGenerated", t."Name"
    FROM "ContentItemTags" AS c0
    INNER JOIN "Tags" AS t ON c0."TagId" = t."Id"
) AS s ON c1."Id" = s."ContentItemId"
ORDER BY c1."IsPinned" DESC, c1."CreatedAt" DESC, c1."Id", s."ContentItemId", s."TagId"
2026-06-11 23:39:04.097 +05:30 [WRN] Failed to set cached value for key: feed:bdd89a68-b47c-4a70-9a9b-533435780509:::1
System.Text.Json.JsonException: A possible object cycle was detected. This can either be due to a cycle or if the object depth is larger than the maximum allowed depth of 64. Consider using ReferenceHandler.Preserve on JsonSerializerOptions to support cycles. Path: $.Items.ContentItemTags.ContentItem.ContentItemTags.ContentItem.ContentItemTags.ContentItem.ContentItemTags.ContentItem.ContentItemTags.ContentItem.ContentItemTags.ContentItem.ContentItemTags.ContentItem.ContentItemTags.ContentItem.ContentItemTags.ContentItem.ContentItemTags.ContentItem.ContentItemTags.ContentItem.ContentItemTags.ContentItem.ContentItemTags.ContentItem.ContentItemTags.ContentItem.ContentItemTags.ContentItem.ContentItemTags.ContentItem.ContentItemTags.ContentItem.ContentItemTags.ContentItem.ContentItemTags.ContentItem.ContentItemTags.ContentItem.ContentItemTags.
   at System.Text.Json.ThrowHelper.ThrowJsonException_SerializerCycleDetected(Int32 maxDepth)
   at System.Text.Json.Serialization.JsonConverter`1.TryWrite(Utf8JsonWriter writer, T& value, JsonSerializerOptions options, WriteStack& state)
   at System.Text.Json.Serialization.Converters.IEnumerableDefaultConverter`2.OnWriteResume(Utf8JsonWriter writer, TCollection value, JsonSerializerOptions options, WriteStack& state)
   at System.Text.Json.Serialization.JsonCollectionConverter`2.OnTryWrite(Utf8JsonWriter writer, TCollection value, JsonSerializerOptions options, WriteStack& state)
   at System.Text.Json.Serialization.JsonConverter`1.TryWrite(Utf8JsonWriter writer, T& value, JsonSerializerOptions options, WriteStack& state)
   at System.Text.Json.Serialization.Metadata.JsonPropertyInfo`1.GetMemberAndWriteJson(Object obj, WriteStack& state, Utf8JsonWriter writer)
   at System.Text.Json.Serialization.Converters.ObjectDefaultConverter`1.OnTryWrite(Utf8JsonWriter writer, T value, JsonSerializerOptions options, WriteStack& state)
   at System.Text.Json.Serialization.JsonConverter`1.TryWrite(Utf8JsonWriter writer, T& value, JsonSerializerOptions options, WriteStack& state)
   at System.Text.Json.Serialization.Metadata.JsonPropertyInfo`1.GetMemberAndWriteJson(Object obj, WriteStack& state, Utf8JsonWriter writer)
   at System.Text.Json.Serialization.Converters.ObjectDefaultConverter`1.OnTryWrite(Utf8JsonWriter writer, T value, JsonSerializerOptions options, WriteStack& state)
   at System.Text.Json.Serialization.JsonConverter`1.TryWrite(Utf8JsonWriter writer, T& value, JsonSerializerOptions options, WriteStack& state)
   at System.Text.Json.Serialization.Converters.IEnumerableDefaultConverter`2.OnWriteResume(Utf8JsonWriter writer, TCollection value, JsonSerializerOptions options, WriteStack& state)
   at System.Text.Json.Serialization.JsonCollectionConverter`2.OnTryWrite(Utf8JsonWriter writer, TCollection value, JsonSerializerOptions options, WriteStack& state)
   at System.Text.Json.Serialization.JsonConverter`1.TryWrite(Utf8JsonWriter writer, T& value, JsonSerializerOptions options, WriteStack& state)
   at System.Text.Json.Serialization.Metadata.JsonPropertyInfo`1.GetMemberAndWriteJson(Object obj, WriteStack& state, Utf8JsonWriter writer)
   at System.Text.Json.Serialization.Converters.ObjectDefaultConverter`1.OnTryWrite(Utf8JsonWriter writer, T value, JsonSerializerOptions options, WriteStack& state)
   at System.Text.Json.Serialization.JsonConverter`1.TryWrite(Utf8JsonWriter writer, T& value, JsonSerializerOptions options, WriteStack& state)
   at System.Text.Json.Serialization.Metadata.JsonPropertyInfo`1.GetMemberAndWriteJson(Object obj, WriteStack& state, Utf8JsonWriter writer)
   at System.Text.Json.Serialization.Converters.ObjectDefaultConverter`1.OnTryWrite(Utf8JsonWriter writer, T value, JsonSerializerOptions options, WriteStack& state)
   at System.Text.Json.Serialization.JsonConverter`1.TryWrite(Utf8JsonWriter writer, T& value, JsonSerializerOptions options, WriteStack& state)
   at System.Text.Json.Serialization.Converters.IEnumerableDefaultConverter`2.OnWriteResume(Utf8JsonWriter writer, TCollection value, JsonSerializerOptions options, WriteStack& state)
   at System.Text.Json.Serialization.JsonCollectionConverter`2.OnTryWrite(Utf8JsonWriter writer, TCollection value, JsonSerializerOptions options, WriteStack& state)
   at System.Text.Json.Serialization.JsonConverter`1.TryWrite(Utf8JsonWriter writer, T& value, JsonSerializerOptions options, WriteStack& state)
   at System.Text.Json.Serialization.Metadata.JsonPropertyInfo`1.GetMemberAndWriteJson(Object obj, WriteStack& state, Utf8JsonWriter writer)
   at System.Text.Json.Serialization.Converters.ObjectDefaultConverter`1.OnTryWrite(Utf8JsonWriter writer, T value, JsonSerializerOptions options, WriteStack& state)
   at System.Text.Json.Serialization.JsonConverter`1.TryWrite(Utf8JsonWriter writer, T& value, JsonSerializerOptions options, WriteStack& state)
   at System.Text.Json.Serialization.Metadata.JsonPropertyInfo`1.GetMemberAndWriteJson(Object obj, WriteStack& state, Utf8JsonWriter writer)
   at System.Text.Json.Serialization.Converters.ObjectDefaultConverter`1.OnTryWrite(Utf8JsonWriter writer, T value, JsonSerializerOptions options, WriteStack& state)
   at System.Text.Json.Serialization.JsonConverter`1.TryWrite(Utf8JsonWriter writer, T& value, JsonSerializerOptions options, WriteStack& state)
   at System.Text.Json.Serialization.Converters.IEnumerableDefaultConverter`2.OnWriteResume(Utf8JsonWriter writer, TCollection value, JsonSerializerOptions options, WriteStack& state)
   at System.Text.Json.Serialization.JsonCollectionConverter`2.OnTryWrite(Utf8JsonWriter writer, TCollection value, JsonSerializerOptions options, WriteStack& state)
   at System.Text.Json.Serialization.JsonConverter`1.TryWrite(Utf8JsonWriter writer, T& value, JsonSerializerOptions options, WriteStack& state)
   at System.Text.Json.Serialization.Metadata.JsonPropertyInfo`1.GetMemberAndWriteJson(Object obj, WriteStack& state, Utf8JsonWriter writer)
   at System.Text.Json.Serialization.Converters.ObjectDefaultConverter`1.OnTryWrite(Utf8JsonWriter writer, T value, JsonSerializerOptions options, WriteStack& state)
   at System.Text.Json.Serialization.JsonConverter`1.TryWrite(Utf8JsonWriter writer, T& value, JsonSerializerOptions options, WriteStack& state)
   at System.Text.Json.Serialization.Metadata.JsonPropertyInfo`1.GetMemberAndWriteJson(Object obj, WriteStack& state, Utf8JsonWriter writer)
   at System.Text.Json.Serialization.Converters.ObjectDefaultConverter`1.OnTryWrite(Utf8JsonWriter writer, T value, JsonSerializerOptions options, WriteStack& state)
   at System.Text.Json.Serialization.JsonConverter`1.TryWrite(Utf8JsonWriter writer, T& value, JsonSerializerOptions options, WriteStack& state)
   at System.Text.Json.Serialization.Converters.IEnumerableDefaultConverter`2.OnWriteResume(Utf8JsonWriter writer, TCollection value, JsonSerializerOptions options, WriteStack& state)
   at System.Text.Json.Serialization.JsonCollectionConverter`2.OnTryWrite(Utf8JsonWriter writer, TCollection value, JsonSerializerOptions options, WriteStack& state)
   at System.Text.Json.Serialization.JsonConverter`1.TryWrite(Utf8JsonWriter writer, T& value, JsonSerializerOptions options, WriteStack& state)
   at System.Text.Json.Serialization.Metadata.JsonPropertyInfo`1.GetMemberAndWriteJson(Object obj, WriteStack& state, Utf8JsonWriter writer)
   at System.Text.Json.Serialization.Converters.ObjectDefaultConverter`1.OnTryWrite(Utf8JsonWriter writer, T value, JsonSerializerOptions options, WriteStack& state)
   at System.Text.Json.Serialization.JsonConverter`1.TryWrite(Utf8JsonWriter writer, T& value, JsonSerializerOptions options, WriteStack& state)
   at System.Text.Json.Serialization.Metadata.JsonPropertyInfo`1.GetMemberAndWriteJson(Object obj, WriteStack& state, Utf8JsonWriter writer)
   at System.Text.Json.Serialization.Converters.ObjectDefaultConverter`1.OnTryWrite(Utf8JsonWriter writer, T value, JsonSerializerOptions options, WriteStack& state)
   at System.Text.Json.Serialization.JsonConverter`1.TryWrite(Utf8JsonWriter writer, T& value, JsonSerializerOptions options, WriteStack& state)
   at System.Text.Json.Serialization.Converters.IEnumerableDefaultConverter`2.OnWriteResume(Utf8JsonWriter writer, TCollection value, JsonSerializerOptions options, WriteStack& state)
   at System.Text.Json.Serialization.JsonCollectionConverter`2.OnTryWrite(Utf8JsonWriter writer, TCollection value, JsonSerializerOptions options, WriteStack& state)
   at System.Text.Json.Serialization.JsonConverter`1.TryWrite(Utf8JsonWriter writer, T& value, JsonSerializerOptions options, WriteStack& state)
   at System.Text.Json.Serialization.Metadata.JsonPropertyInfo`1.GetMemberAndWriteJson(Object obj, WriteStack& state, Utf8JsonWriter writer)
   at System.Text.Json.Serialization.Converters.ObjectDefaultConverter`1.OnTryWrite(Utf8JsonWriter writer, T value, JsonSerializerOptions options, WriteStack& state)
   at System.Text.Json.Serialization.JsonConverter`1.TryWrite(Utf8JsonWriter writer, T& value, JsonSerializerOptions options, WriteStack& state)
   at System.Text.Json.Serialization.Metadata.JsonPropertyInfo`1.GetMemberAndWriteJson(Object obj, WriteStack& state, Utf8JsonWriter writer)
   at System.Text.Json.Serialization.Converters.ObjectDefaultConverter`1.OnTryWrite(Utf8JsonWriter writer, T value, JsonSerializerOptions options, WriteStack& state)
   at System.Text.Json.Serialization.JsonConverter`1.TryWrite(Utf8JsonWriter writer, T& value, JsonSerializerOptions options, WriteStack& state)
   at System.Text.Json.Serialization.Converters.IEnumerableDefaultConverter`2.OnWriteResume(Utf8JsonWriter writer, TCollection value, JsonSerializerOptions options, WriteStack& state)
   at System.Text.Json.Serialization.JsonCollectionConverter`2.OnTryWrite(Utf8JsonWriter writer, TCollection value, JsonSerializerOptions options, WriteStack& state)
   at System.Text.Json.Serialization.JsonConverter`1.TryWrite(Utf8JsonWriter writer, T& value, JsonSerializerOptions options, WriteStack& state)
   at System.Text.Json.Serialization.Metadata.JsonPropertyInfo`1.GetMemberAndWriteJson(Object obj, WriteStack& state, Utf8JsonWriter writer)
   at System.Text.Json.Serialization.Converters.ObjectDefaultConverter`1.OnTryWrite(Utf8JsonWriter writer, T value, JsonSerializerOptions options, WriteStack& state)
   at System.Text.Json.Serialization.JsonConverter`1.TryWrite(Utf8JsonWriter writer, T& value, JsonSerializerOptions options, WriteStack& state)
   at System.Text.Json.Serialization.Metadata.JsonPropertyInfo`1.GetMemberAndWriteJson(Object obj, WriteStack& state, Utf8JsonWriter writer)
   at System.Text.Json.Serialization.Converters.ObjectDefaultConverter`1.OnTryWrite(Utf8JsonWriter writer, T value, JsonSerializerOptions options, WriteStack& state)
   at System.Text.Json.Serialization.JsonConverter`1.TryWrite(Utf8JsonWriter writer, T& value, JsonSerializerOptions options, WriteStack& state)
   at System.Text.Json.Serialization.Converters.IEnumerableDefaultConverter`2.OnWriteResume(Utf8JsonWriter writer, TCollection value, JsonSerializerOptions options, WriteStack& state)
   at System.Text.Json.Serialization.JsonCollectionConverter`2.OnTryWrite(Utf8JsonWriter writer, TCollection value, JsonSerializerOptions options, WriteStack& state)
   at System.Text.Json.Serialization.JsonConverter`1.TryWrite(Utf8JsonWriter writer, T& value, JsonSerializerOptions options, WriteStack& state)
   at System.Text.Json.Serialization.Metadata.JsonPropertyInfo`1.GetMemberAndWriteJson(Object obj, WriteStack& state, Utf8JsonWriter writer)
   at System.Text.Json.Serialization.Converters.ObjectDefaultConverter`1.OnTryWrite(Utf8JsonWriter writer, T value, JsonSerializerOptions options, WriteStack& state)
   at System.Text.Json.Serialization.JsonConverter`1.TryWrite(Utf8JsonWriter writer, T& value, JsonSerializerOptions options, WriteStack& state)
   at System.Text.Json.Serialization.Metadata.JsonPropertyInfo`1.GetMemberAndWriteJson(Object obj, WriteStack& state, Utf8JsonWriter writer)
   at System.Text.Json.Serialization.Converters.ObjectDefaultConverter`1.OnTryWrite(Utf8JsonWriter writer, T value, JsonSerializerOptions options, WriteStack& state)
   at System.Text.Json.Serialization.JsonConverter`1.TryWrite(Utf8JsonWriter writer, T& value, JsonSerializerOptions options, WriteStack& state)
   at System.Text.Json.Serialization.Converters.IEnumerableDefaultConverter`2.OnWriteResume(Utf8JsonWriter writer, TCollection value, JsonSerializerOptions options, WriteStack& state)
   at System.Text.Json.Serialization.JsonCollectionConverter`2.OnTryWrite(Utf8JsonWriter writer, TCollection value, JsonSerializerOptions options, WriteStack& state)
   at System.Text.Json.Serialization.JsonConverter`1.TryWrite(Utf8JsonWriter writer, T& value, JsonSerializerOptions options, WriteStack& state)
   at System.Text.Json.Serialization.Metadata.JsonPropertyInfo`1.GetMemberAndWriteJson(Object obj, WriteStack& state, Utf8JsonWriter writer)
   at System.Text.Json.Serialization.Converters.ObjectDefaultConverter`1.OnTryWrite(Utf8JsonWriter writer, T value, JsonSerializerOptions options, WriteStack& state)
   at System.Text.Json.Serialization.JsonConverter`1.TryWrite(Utf8JsonWriter writer, T& value, JsonSerializerOptions options, WriteStack& state)
   at System.Text.Json.Serialization.Metadata.JsonPropertyInfo`1.GetMemberAndWriteJson(Object obj, WriteStack& state, Utf8JsonWriter writer)
   at System.Text.Json.Serialization.Converters.ObjectDefaultConverter`1.OnTryWrite(Utf8JsonWriter writer, T value, JsonSerializerOptions options, WriteStack& state)
   at System.Text.Json.Serialization.JsonConverter`1.TryWrite(Utf8JsonWriter writer, T& value, JsonSerializerOptions options, WriteStack& state)
   at System.Text.Json.Serialization.Converters.IEnumerableDefaultConverter`2.OnWriteResume(Utf8JsonWriter writer, TCollection value, JsonSerializerOptions options, WriteStack& state)
   at System.Text.Json.Serialization.JsonCollectionConverter`2.OnTryWrite(Utf8JsonWriter writer, TCollection value, JsonSerializerOptions options, WriteStack& state)
   at System.Text.Json.Serialization.JsonConverter`1.TryWrite(Utf8JsonWriter writer, T& value, JsonSerializerOptions options, WriteStack& state)
   at System.Text.Json.Serialization.Metadata.JsonPropertyInfo`1.GetMemberAndWriteJson(Object obj, WriteStack& state, Utf8JsonWriter writer)
   at System.Text.Json.Serialization.Converters.ObjectDefaultConverter`1.OnTryWrite(Utf8JsonWriter writer, T value, JsonSerializerOptions options, WriteStack& state)
   at System.Text.Json.Serialization.JsonConverter`1.TryWrite(Utf8JsonWriter writer, T& value, JsonSerializerOptions options, WriteStack& state)
   at System.Text.Json.Serialization.Metadata.JsonPropertyInfo`1.GetMemberAndWriteJson(Object obj, WriteStack& state, Utf8JsonWriter writer)
   at System.Text.Json.Serialization.Converters.ObjectDefaultConverter`1.OnTryWrite(Utf8JsonWriter writer, T value, JsonSerializerOptions options, WriteStack& state)
   at System.Text.Json.Serialization.JsonConverter`1.TryWrite(Utf8JsonWriter writer, T& value, JsonSerializerOptions options, WriteStack& state)
   at System.Text.Json.Serialization.Converters.IEnumerableDefaultConverter`2.OnWriteResume(Utf8JsonWriter writer, TCollection value, JsonSerializerOptions options, WriteStack& state)
   at System.Text.Json.Serialization.JsonCollectionConverter`2.OnTryWrite(Utf8JsonWriter writer, TCollection value, JsonSerializerOptions options, WriteStack& state)
   at System.Text.Json.Serialization.JsonConverter`1.TryWrite(Utf8JsonWriter writer, T& value, JsonSerializerOptions options, WriteStack& state)
   at System.Text.Json.Serialization.Metadata.JsonPropertyInfo`1.GetMemberAndWriteJson(Object obj, WriteStack& state, Utf8JsonWriter writer)
   at System.Text.Json.Serialization.Converters.ObjectDefaultConverter`1.OnTryWrite(Utf8JsonWriter writer, T value, JsonSerializerOptions options, WriteStack& state)
   at System.Text.Json.Serialization.JsonConverter`1.TryWrite(Utf8JsonWriter writer, T& value, JsonSerializerOptions options, WriteStack& state)
   at System.Text.Json.Serialization.Metadata.JsonPropertyInfo`1.GetMemberAndWriteJson(Object obj, WriteStack& state, Utf8JsonWriter writer)
   at System.Text.Json.Serialization.Converters.ObjectDefaultConverter`1.OnTryWrite(Utf8JsonWriter writer, T value, JsonSerializerOptions options, WriteStack& state)
   at System.Text.Json.Serialization.JsonConverter`1.TryWrite(Utf8JsonWriter writer, T& value, JsonSerializerOptions options, WriteStack& state)
   at System.Text.Json.Serialization.Converters.IEnumerableDefaultConverter`2.OnWriteResume(Utf8JsonWriter writer, TCollection value, JsonSerializerOptions options, WriteStack& state)
   at System.Text.Json.Serialization.JsonCollectionConverter`2.OnTryWrite(Utf8JsonWriter writer, TCollection value, JsonSerializerOptions options, WriteStack& state)
   at System.Text.Json.Serialization.JsonConverter`1.TryWrite(Utf8JsonWriter writer, T& value, JsonSerializerOptions options, WriteStack& state)
   at System.Text.Json.Serialization.Metadata.JsonPropertyInfo`1.GetMemberAndWriteJson(Object obj, WriteStack& state, Utf8JsonWriter writer)
   at System.Text.Json.Serialization.Converters.ObjectDefaultConverter`1.OnTryWrite(Utf8JsonWriter writer, T value, JsonSerializerOptions options, WriteStack& state)
   at System.Text.Json.Serialization.JsonConverter`1.TryWrite(Utf8JsonWriter writer, T& value, JsonSerializerOptions options, WriteStack& state)
   at System.Text.Json.Serialization.Metadata.JsonPropertyInfo`1.GetMemberAndWriteJson(Object obj, WriteStack& state, Utf8JsonWriter writer)
   at System.Text.Json.Serialization.Converters.ObjectDefaultConverter`1.OnTryWrite(Utf8JsonWriter writer, T value, JsonSerializerOptions options, WriteStack& state)
   at System.Text.Json.Serialization.JsonConverter`1.TryWrite(Utf8JsonWriter writer, T& value, JsonSerializerOptions options, WriteStack& state)
   at System.Text.Json.Serialization.Converters.IEnumerableDefaultConverter`2.OnWriteResume(Utf8JsonWriter writer, TCollection value, JsonSerializerOptions options, WriteStack& state)
   at System.Text.Json.Serialization.JsonCollectionConverter`2.OnTryWrite(Utf8JsonWriter writer, TCollection value, JsonSerializerOptions options, WriteStack& state)
   at System.Text.Json.Serialization.JsonConverter`1.TryWrite(Utf8JsonWriter writer, T& value, JsonSerializerOptions options, WriteStack& state)
   at System.Text.Json.Serialization.Metadata.JsonPropertyInfo`1.GetMemberAndWriteJson(Object obj, WriteStack& state, Utf8JsonWriter writer)
   at System.Text.Json.Serialization.Converters.ObjectDefaultConverter`1.OnTryWrite(Utf8JsonWriter writer, T value, JsonSerializerOptions options, WriteStack& state)
   at System.Text.Json.Serialization.JsonConverter`1.TryWrite(Utf8JsonWriter writer, T& value, JsonSerializerOptions options, WriteStack& state)
   at System.Text.Json.Serialization.Metadata.JsonPropertyInfo`1.GetMemberAndWriteJson(Object obj, WriteStack& state, Utf8JsonWriter writer)
   at System.Text.Json.Serialization.Converters.ObjectDefaultConverter`1.OnTryWrite(Utf8JsonWriter writer, T value, JsonSerializerOptions options, WriteStack& state)
   at System.Text.Json.Serialization.JsonConverter`1.TryWrite(Utf8JsonWriter writer, T& value, JsonSerializerOptions options, WriteStack& state)
   at System.Text.Json.Serialization.Converters.IEnumerableDefaultConverter`2.OnWriteResume(Utf8JsonWriter writer, TCollection value, JsonSerializerOptions options, WriteStack& state)
   at System.Text.Json.Serialization.JsonCollectionConverter`2.OnTryWrite(Utf8JsonWriter writer, TCollection value, JsonSerializerOptions options, WriteStack& state)
   at System.Text.Json.Serialization.JsonConverter`1.TryWrite(Utf8JsonWriter writer, T& value, JsonSerializerOptions options, WriteStack& state)
   at System.Text.Json.Serialization.Metadata.JsonPropertyInfo`1.GetMemberAndWriteJson(Object obj, WriteStack& state, Utf8JsonWriter writer)
   at System.Text.Json.Serialization.Converters.ObjectDefaultConverter`1.OnTryWrite(Utf8JsonWriter writer, T value, JsonSerializerOptions options, WriteStack& state)
   at System.Text.Json.Serialization.JsonConverter`1.TryWrite(Utf8JsonWriter writer, T& value, JsonSerializerOptions options, WriteStack& state)
   at System.Text.Json.Serialization.Metadata.JsonPropertyInfo`1.GetMemberAndWriteJson(Object obj, WriteStack& state, Utf8JsonWriter writer)
   at System.Text.Json.Serialization.Converters.ObjectDefaultConverter`1.OnTryWrite(Utf8JsonWriter writer, T value, JsonSerializerOptions options, WriteStack& state)
   at System.Text.Json.Serialization.JsonConverter`1.TryWrite(Utf8JsonWriter writer, T& value, JsonSerializerOptions options, WriteStack& state)
   at System.Text.Json.Serialization.Converters.IEnumerableDefaultConverter`2.OnWriteResume(Utf8JsonWriter writer, TCollection value, JsonSerializerOptions options, WriteStack& state)
   at System.Text.Json.Serialization.JsonCollectionConverter`2.OnTryWrite(Utf8JsonWriter writer, TCollection value, JsonSerializerOptions options, WriteStack& state)
   at System.Text.Json.Serialization.JsonConverter`1.TryWrite(Utf8JsonWriter writer, T& value, JsonSerializerOptions options, WriteStack& state)
   at System.Text.Json.Serialization.Metadata.JsonPropertyInfo`1.GetMemberAndWriteJson(Object obj, WriteStack& state, Utf8JsonWriter writer)
   at System.Text.Json.Serialization.Converters.ObjectDefaultConverter`1.OnTryWrite(Utf8JsonWriter writer, T value, JsonSerializerOptions options, WriteStack& state)
   at System.Text.Json.Serialization.JsonConverter`1.TryWrite(Utf8JsonWriter writer, T& value, JsonSerializerOptions options, WriteStack& state)
   at System.Text.Json.Serialization.Metadata.JsonPropertyInfo`1.GetMemberAndWriteJson(Object obj, WriteStack& state, Utf8JsonWriter writer)
   at System.Text.Json.Serialization.Converters.ObjectDefaultConverter`1.OnTryWrite(Utf8JsonWriter writer, T value, JsonSerializerOptions options, WriteStack& state)
   at System.Text.Json.Serialization.JsonConverter`1.TryWrite(Utf8JsonWriter writer, T& value, JsonSerializerOptions options, WriteStack& state)
   at System.Text.Json.Serialization.Converters.IEnumerableDefaultConverter`2.OnWriteResume(Utf8JsonWriter writer, TCollection value, JsonSerializerOptions options, WriteStack& state)
   at System.Text.Json.Serialization.JsonCollectionConverter`2.OnTryWrite(Utf8JsonWriter writer, TCollection value, JsonSerializerOptions options, WriteStack& state)
   at System.Text.Json.Serialization.JsonConverter`1.TryWrite(Utf8JsonWriter writer, T& value, JsonSerializerOptions options, WriteStack& state)
   at System.Text.Json.Serialization.Metadata.JsonPropertyInfo`1.GetMemberAndWriteJson(Object obj, WriteStack& state, Utf8JsonWriter writer)
   at System.Text.Json.Serialization.Converters.ObjectDefaultConverter`1.OnTryWrite(Utf8JsonWriter writer, T value, JsonSerializerOptions options, WriteStack& state)
   at System.Text.Json.Serialization.JsonConverter`1.TryWrite(Utf8JsonWriter writer, T& value, JsonSerializerOptions options, WriteStack& state)
   at System.Text.Json.Serialization.Metadata.JsonPropertyInfo`1.GetMemberAndWriteJson(Object obj, WriteStack& state, Utf8JsonWriter writer)
   at System.Text.Json.Serialization.Converters.ObjectDefaultConverter`1.OnTryWrite(Utf8JsonWriter writer, T value, JsonSerializerOptions options, WriteStack& state)
   at System.Text.Json.Serialization.JsonConverter`1.TryWrite(Utf8JsonWriter writer, T& value, JsonSerializerOptions options, WriteStack& state)
   at System.Text.Json.Serialization.Converters.IEnumerableDefaultConverter`2.OnWriteResume(Utf8JsonWriter writer, TCollection value, JsonSerializerOptions options, WriteStack& state)
   at System.Text.Json.Serialization.JsonCollectionConverter`2.OnTryWrite(Utf8JsonWriter writer, TCollection value, JsonSerializerOptions options, WriteStack& state)
   at System.Text.Json.Serialization.JsonConverter`1.TryWrite(Utf8JsonWriter writer, T& value, JsonSerializerOptions options, WriteStack& state)
   at System.Text.Json.Serialization.Metadata.JsonPropertyInfo`1.GetMemberAndWriteJson(Object obj, WriteStack& state, Utf8JsonWriter writer)
   at System.Text.Json.Serialization.Converters.ObjectDefaultConverter`1.OnTryWrite(Utf8JsonWriter writer, T value, JsonSerializerOptions options, WriteStack& state)
   at System.Text.Json.Serialization.JsonConverter`1.TryWrite(Utf8JsonWriter writer, T& value, JsonSerializerOptions options, WriteStack& state)
   at System.Text.Json.Serialization.Metadata.JsonPropertyInfo`1.GetMemberAndWriteJson(Object obj, WriteStack& state, Utf8JsonWriter writer)
   at System.Text.Json.Serialization.Converters.ObjectDefaultConverter`1.OnTryWrite(Utf8JsonWriter writer, T value, JsonSerializerOptions options, WriteStack& state)
   at System.Text.Json.Serialization.JsonConverter`1.TryWrite(Utf8JsonWriter writer, T& value, JsonSerializerOptions options, WriteStack& state)
   at System.Text.Json.Serialization.Converters.IEnumerableDefaultConverter`2.OnWriteResume(Utf8JsonWriter writer, TCollection value, JsonSerializerOptions options, WriteStack& state)
   at System.Text.Json.Serialization.JsonCollectionConverter`2.OnTryWrite(Utf8JsonWriter writer, TCollection value, JsonSerializerOptions options, WriteStack& state)
   at System.Text.Json.Serialization.JsonConverter`1.TryWrite(Utf8JsonWriter writer, T& value, JsonSerializerOptions options, WriteStack& state)
   at System.Text.Json.Serialization.Metadata.JsonPropertyInfo`1.GetMemberAndWriteJson(Object obj, WriteStack& state, Utf8JsonWriter writer)
   at System.Text.Json.Serialization.Converters.ObjectDefaultConverter`1.OnTryWrite(Utf8JsonWriter writer, T value, JsonSerializerOptions options, WriteStack& state)
   at System.Text.Json.Serialization.JsonConverter`1.TryWrite(Utf8JsonWriter writer, T& value, JsonSerializerOptions options, WriteStack& state)
   at System.Text.Json.Serialization.Metadata.JsonPropertyInfo`1.GetMemberAndWriteJson(Object obj, WriteStack& state, Utf8JsonWriter writer)
   at System.Text.Json.Serialization.Converters.ObjectDefaultConverter`1.OnTryWrite(Utf8JsonWriter writer, T value, JsonSerializerOptions options, WriteStack& state)
   at System.Text.Json.Serialization.JsonConverter`1.TryWrite(Utf8JsonWriter writer, T& value, JsonSerializerOptions options, WriteStack& state)
   at System.Text.Json.Serialization.Converters.IEnumerableDefaultConverter`2.OnWriteResume(Utf8JsonWriter writer, TCollection value, JsonSerializerOptions options, WriteStack& state)
   at System.Text.Json.Serialization.JsonCollectionConverter`2.OnTryWrite(Utf8JsonWriter writer, TCollection value, JsonSerializerOptions options, WriteStack& state)
   at System.Text.Json.Serialization.JsonConverter`1.TryWrite(Utf8JsonWriter writer, T& value, JsonSerializerOptions options, WriteStack& state)
   at System.Text.Json.Serialization.Metadata.JsonPropertyInfo`1.GetMemberAndWriteJson(Object obj, WriteStack& state, Utf8JsonWriter writer)
   at System.Text.Json.Serialization.Converters.ObjectDefaultConverter`1.OnTryWrite(Utf8JsonWriter writer, T value, JsonSerializerOptions options, WriteStack& state)
   at System.Text.Json.Serialization.JsonConverter`1.TryWrite(Utf8JsonWriter writer, T& value, JsonSerializerOptions options, WriteStack& state)
   at System.Text.Json.Serialization.Metadata.JsonPropertyInfo`1.GetMemberAndWriteJson(Object obj, WriteStack& state, Utf8JsonWriter writer)
   at System.Text.Json.Serialization.Converters.ObjectDefaultConverter`1.OnTryWrite(Utf8JsonWriter writer, T value, JsonSerializerOptions options, WriteStack& state)
   at System.Text.Json.Serialization.JsonConverter`1.TryWrite(Utf8JsonWriter writer, T& value, JsonSerializerOptions options, WriteStack& state)
   at System.Text.Json.Serialization.Converters.IEnumerableDefaultConverter`2.OnWriteResume(Utf8JsonWriter writer, TCollection value, JsonSerializerOptions options, WriteStack& state)
   at System.Text.Json.Serialization.JsonCollectionConverter`2.OnTryWrite(Utf8JsonWriter writer, TCollection value, JsonSerializerOptions options, WriteStack& state)
   at System.Text.Json.Serialization.JsonConverter`1.TryWrite(Utf8JsonWriter writer, T& value, JsonSerializerOptions options, WriteStack& state)
   at System.Text.Json.Serialization.Metadata.JsonPropertyInfo`1.GetMemberAndWriteJson(Object obj, WriteStack& state, Utf8JsonWriter writer)
   at System.Text.Json.Serialization.Converters.ObjectDefaultConverter`1.OnTryWrite(Utf8JsonWriter writer, T value, JsonSerializerOptions options, WriteStack& state)
   at System.Text.Json.Serialization.JsonConverter`1.TryWrite(Utf8JsonWriter writer, T& value, JsonSerializerOptions options, WriteStack& state)
   at System.Text.Json.Serialization.Metadata.JsonPropertyInfo`1.GetMemberAndWriteJson(Object obj, WriteStack& state, Utf8JsonWriter writer)
   at System.Text.Json.Serialization.Converters.ObjectDefaultConverter`1.OnTryWrite(Utf8JsonWriter writer, T value, JsonSerializerOptions options, WriteStack& state)
   at System.Text.Json.Serialization.JsonConverter`1.TryWrite(Utf8JsonWriter writer, T& value, JsonSerializerOptions options, WriteStack& state)
   at System.Text.Json.Serialization.Converters.IEnumerableDefaultConverter`2.OnWriteResume(Utf8JsonWriter writer, TCollection value, JsonSerializerOptions options, WriteStack& state)
   at System.Text.Json.Serialization.JsonCollectionConverter`2.OnTryWrite(Utf8JsonWriter writer, TCollection value, JsonSerializerOptions options, WriteStack& state)
   at System.Text.Json.Serialization.JsonConverter`1.TryWrite(Utf8JsonWriter writer, T& value, JsonSerializerOptions options, WriteStack& state)
   at System.Text.Json.Serialization.Metadata.JsonPropertyInfo`1.GetMemberAndWriteJson(Object obj, WriteStack& state, Utf8JsonWriter writer)
   at System.Text.Json.Serialization.Converters.ObjectDefaultConverter`1.OnTryWrite(Utf8JsonWriter writer, T value, JsonSerializerOptions options, WriteStack& state)
   at System.Text.Json.Serialization.JsonConverter`1.TryWrite(Utf8JsonWriter writer, T& value, JsonSerializerOptions options, WriteStack& state)
   at System.Text.Json.Serialization.Converters.IEnumerableDefaultConverter`2.OnWriteResume(Utf8JsonWriter writer, TCollection value, JsonSerializerOptions options, WriteStack& state)
   at System.Text.Json.Serialization.JsonCollectionConverter`2.OnTryWrite(Utf8JsonWriter writer, TCollection value, JsonSerializerOptions options, WriteStack& state)
   at System.Text.Json.Serialization.JsonConverter`1.TryWrite(Utf8JsonWriter writer, T& value, JsonSerializerOptions options, WriteStack& state)
   at System.Text.Json.Serialization.Metadata.JsonPropertyInfo`1.GetMemberAndWriteJson(Object obj, WriteStack& state, Utf8JsonWriter writer)
   at System.Text.Json.Serialization.Converters.ObjectDefaultConverter`1.OnTryWrite(Utf8JsonWriter writer, T value, JsonSerializerOptions options, WriteStack& state)
   at System.Text.Json.Serialization.JsonConverter`1.TryWrite(Utf8JsonWriter writer, T& value, JsonSerializerOptions options, WriteStack& state)
   at System.Text.Json.Serialization.JsonConverter`1.WriteCore(Utf8JsonWriter writer, T& value, JsonSerializerOptions options, WriteStack& state)
   at System.Text.Json.Serialization.Metadata.JsonTypeInfo`1.Serialize(Utf8JsonWriter writer, T& rootValue, Object rootValueBoxed)
   at System.Text.Json.JsonSerializer.WriteString[TValue](TValue& value, JsonTypeInfo`1 jsonTypeInfo)
   at System.Text.Json.JsonSerializer.Serialize[TValue](TValue value, JsonSerializerOptions options)
   at Cortex.Infrastructure.Caching.RedisCacheService.SetAsync[T](String key, T value, Nullable`1 expiration, CancellationToken ct) in /Users/rishabhwadhwa/Documents/refind.ai/Cortex/src/Cortex.Infrastructure/Caching/RedisCacheService.cs:line 44
2026-06-11 23:39:04.102 +05:30 [INF] HTTP GET /api/v1/content/feed responded 200 in 49.6836 ms
2026-06-11 23:39:04.124 +05:30 [INF] Executed DbCommand (2ms) [Parameters=[@userId='?' (DbType = Guid), @queryVector='?' (DbType = Object), @p='?' (DbType = Int32)], CommandType='"Text"', CommandTimeout='30']
SELECT c."ContentItemId", c."QuickSparkSummary", c."RawText", c."SemanticEmbedding", c0."Id", c0."ConsumeTimeMins", c0."CreatedAt", c0."EnergyLevel", c0."HeroImageUrl", c0."IsArchived", c0."IsPinned", c0."LastReviewedAt", c0."OriginalUrl", c0."PlatformType", c0."Status", c0."Title", c0."UserId"
FROM "ContentPayloads" AS c
INNER JOIN "ContentItems" AS c0 ON c."ContentItemId" = c0."Id"
WHERE c0."UserId" = @userId AND c."SemanticEmbedding" IS NOT NULL
ORDER BY c."SemanticEmbedding" <=> @queryVector
LIMIT @p
2026-06-11 23:39:04.127 +05:30 [INF] Executed DbCommand (2ms) [Parameters=[@id='?' (DbType = Guid)], CommandType='"Text"', CommandTimeout='30']
SELECT c."Id", c."ConsumeTimeMins", c."CreatedAt", c."EnergyLevel", c."HeroImageUrl", c."IsArchived", c."IsPinned", c."LastReviewedAt", c."OriginalUrl", c."PlatformType", c."Status", c."Title", c."UserId"
FROM "ContentItems" AS c
WHERE c."Id" = @id
LIMIT 1
2026-06-11 23:39:04.128 +05:30 [INF] HTTP POST /api/v1/search responded 200 in 16.0993 ms
2026-06-11 23:39:23.912 +05:30 [INF] Executed DbCommand (1ms) [Parameters=[@email='?'], CommandType='"Text"', CommandTimeout='30']
SELECT s0."Id", s0."CreatedAt", s0."Email", s0."LastActiveAt", s0."LastModifiedAt", s0."PasswordHash", s0."PushToken", s0."RefreshTokenExpiresAt", s0."RefreshTokenHash", s0."Id0", u0."Id", u0."AuthProvider", u0."CreatedAt", u0."ProviderId", u0."UserId", s0."CreatedAt0", s0."EndDate", s0."IsActive", s0."StartDate", s0."Tier", s0."UserId"
FROM (
    SELECT u."Id", u."CreatedAt", u."Email", u."LastActiveAt", u."LastModifiedAt", u."PasswordHash", u."PushToken", u."RefreshTokenExpiresAt", u."RefreshTokenHash", s."Id" AS "Id0", s."CreatedAt" AS "CreatedAt0", s."EndDate", s."IsActive", s."StartDate", s."Tier", s."UserId"
    FROM "Users" AS u
    LEFT JOIN "Subscriptions" AS s ON u."Id" = s."UserId"
    WHERE u."Email" = @email
    LIMIT 1
) AS s0
LEFT JOIN "UserIdentities" AS u0 ON s0."Id" = u0."UserId"
ORDER BY s0."Id", s0."Id0"
2026-06-11 23:39:24.026 +05:30 [INF] Executed DbCommand (4ms) [Parameters=[@p8='?' (DbType = Guid), @p0='?' (DbType = DateTime), @p1='?', @p2='?' (DbType = DateTime), @p3='?' (DbType = DateTime), @p4='?', @p5='?', @p6='?' (DbType = DateTime), @p7='?'], CommandType='"Text"', CommandTimeout='30']
UPDATE "Users" SET "CreatedAt" = @p0, "Email" = @p1, "LastActiveAt" = @p2, "LastModifiedAt" = @p3, "PasswordHash" = @p4, "PushToken" = @p5, "RefreshTokenExpiresAt" = @p6, "RefreshTokenHash" = @p7
WHERE "Id" = @p8;
2026-06-11 23:39:24.026 +05:30 [INF] HTTP POST /api/v1/auth/login responded 200 in 116.0451 ms
2026-06-11 23:39:24.043 +05:30 [INF] Executed DbCommand (3ms) [Parameters=[@id='?' (DbType = Guid)], CommandType='"Text"', CommandTimeout='30']
SELECT c."Id", c."ConsumeTimeMins", c."CreatedAt", c."EnergyLevel", c."HeroImageUrl", c."IsArchived", c."IsPinned", c."LastReviewedAt", c."OriginalUrl", c."PlatformType", c."Status", c."Title", c."UserId"
FROM "ContentItems" AS c
WHERE c."Id" = @id
LIMIT 1
2026-06-11 23:39:24.044 +05:30 [INF] Executed DbCommand (1ms) [Parameters=[@contentItemId='?' (DbType = Guid)], CommandType='"Text"', CommandTimeout='30']
SELECT c."ContentItemId", c."QuickSparkSummary", c."RawText", c."SemanticEmbedding"
FROM "ContentPayloads" AS c
WHERE c."ContentItemId" = @contentItemId
LIMIT 1
2026-06-11 23:39:24.063 +05:30 [INF] Executed DbCommand (4ms) [Parameters=[@p0='?' (DbType = Guid), @p1='?' (DbType = Guid), @p2='?' (DbType = DateTime), @p3='?' (DbType = Int32), @p4='?', @p5='?' (DbType = Int32), @p6='?' (DbType = Guid), @p7='?' (DbType = Guid), @p8='?' (DbType = DateTime), @p9='?' (DbType = Int32), @p10='?' (DbType = Guid), @p11='?' (DbType = Int32), @p12='?' (DbType = Int32), @p13='?' (DbType = DateTime), @p14='?', @p15='?', @p16='?' (DbType = Guid), @p17='?' (DbType = DateTime), @p18='?' (DbType = Int32), @p19='?' (DbType = Guid), @p20='?' (DbType = Int32), @p21='?' (DbType = Int32), @p22='?' (DbType = DateTime), @p23='?', @p24='?', @p25='?' (DbType = Guid), @p26='?' (DbType = DateTime), @p27='?' (DbType = Int32), @p28='?' (DbType = Guid), @p29='?' (DbType = Int32), @p30='?' (DbType = Int32), @p31='?' (DbType = DateTime), @p32='?', @p33='?'], CommandType='"Text"', CommandTimeout='30']
INSERT INTO "DripTracks" ("Id", "ContentItemId", "CreatedAt", "CurrentDay", "Status", "TotalDays", "UserId")
VALUES (@p0, @p1, @p2, @p3, @p4, @p5, @p6);
INSERT INTO "DripSteps" ("Id", "CreatedAt", "DayNumber", "DripTrackId", "MediaEndSec", "MediaStartSec", "ScheduledFor", "TaskDescription", "TaskTitle")
VALUES (@p7, @p8, @p9, @p10, @p11, @p12, @p13, @p14, @p15)
RETURNING "IsCompleted";
INSERT INTO "DripSteps" ("Id", "CreatedAt", "DayNumber", "DripTrackId", "MediaEndSec", "MediaStartSec", "ScheduledFor", "TaskDescription", "TaskTitle")
VALUES (@p16, @p17, @p18, @p19, @p20, @p21, @p22, @p23, @p24)
RETURNING "IsCompleted";
INSERT INTO "DripSteps" ("Id", "CreatedAt", "DayNumber", "DripTrackId", "MediaEndSec", "MediaStartSec", "ScheduledFor", "TaskDescription", "TaskTitle")
VALUES (@p25, @p26, @p27, @p28, @p29, @p30, @p31, @p32, @p33)
RETURNING "IsCompleted";
2026-06-11 23:39:24.065 +05:30 [INF] HTTP POST /api/v1/drip responded 201 in 29.3893 ms
2026-06-11 23:39:24.112 +05:30 [INF] Executed DbCommand (1ms) [Parameters=[@userId='?' (DbType = Guid)], CommandType='"Text"', CommandTimeout='30']
SELECT d."Id", d."ContentItemId", d."CreatedAt", d."CurrentDay", d."Status", d."TotalDays", d."UserId", c."Id", c."ConsumeTimeMins", c."CreatedAt", c."EnergyLevel", c."HeroImageUrl", c."IsArchived", c."IsPinned", c."LastReviewedAt", c."OriginalUrl", c."PlatformType", c."Status", c."Title", c."UserId", d0."Id", d0."CreatedAt", d0."DayNumber", d0."DripTrackId", d0."IsCompleted", d0."MediaEndSec", d0."MediaStartSec", d0."ScheduledFor", d0."TaskDescription", d0."TaskTitle"
FROM "DripTracks" AS d
INNER JOIN "ContentItems" AS c ON d."ContentItemId" = c."Id"
LEFT JOIN "DripSteps" AS d0 ON d."Id" = d0."DripTrackId"
WHERE d."UserId" = @userId
ORDER BY d."CreatedAt" DESC, d."Id", c."Id", d0."DayNumber"
2026-06-11 23:39:24.116 +05:30 [INF] HTTP GET /api/v1/drip/tracks responded 200 in 15.3388 ms
